// Jest Snapshot v1, https://goo.gl/fbAQLP

exports[`renders correctly 1`] = `
Array [
  <style>
    [object Object]
  </style>,
  <span
    className="happy-text-element"
  >
    akram
  </span>,
]
`;
